BGC seed=101 -5.63
BGC seed=202 -5.665
BGC seed=303 -5.647
RIP seed=101 -6
RIP seed=202 -6
RIP seed=303 -6.008
GAL seed=101 -6.05
GAL seed=202 -6.06
GAL seed=303 -6.038
grep: log_XYP_s101.txt: binary file matches
XYP seed=101 
grep: log_XYP_s202.txt: binary file matches
XYP seed=202 
grep: log_XYP_s303.txt: binary file matches
XYP seed=303 
PAV seed=101 -5.747
PAV seed=202 -5.743
PAV seed=303 -5.764
INS seed=101 -6.093
INS seed=202 -6.093
INS seed=303 -6.087
ARA seed=101 -6.151
ARA seed=202 -6.131
ARA seed=303 -6.152
AHR seed=101 -5.506
AHR seed=202 -5.5
AHR seed=303 -5.508
BDR seed=101 -5.707
BDR seed=202 -5.706
BDR seed=303 -5.711
ALL seed=101 -5.945
ALL seed=202 -5.952
ALL seed=303 -5.95
WEB seed=101 -5.456
WEB seed=202 -5.457
WEB seed=303 -5.453
FRU seed=101 -5.725
FRU seed=202 -5.723
FRU seed=303 -5.727
GZL seed=101 -5.775
GZL seed=202 -5.79
GZL seed=303 -5.783
X9X seed=101 -5.227
X9X seed=202 -5.221
X9X seed=303 -5.237
HPA seed=101 -6.104
HPA seed=202 -6.097
HPA seed=303 -6.104
